C:\Users\andre\OneDrive - Hochschule Luzern\00_Modules\FS23_AEMBS\00_Projects\01_AEMBY_tinyK22\drivers/fsl_gpio.h:357:20:GPIO_PortSet	16	static
C:\Users\andre\OneDrive - Hochschule Luzern\00_Modules\FS23_AEMBS\00_Projects\01_AEMBY_tinyK22\drivers/fsl_gpio.h:372:20:GPIO_PortClear	16	static
C:\Users\andre\OneDrive - Hochschule Luzern\00_Modules\FS23_AEMBS\00_Projects\01_AEMBY_tinyK22\drivers/fsl_gpio.h:387:20:GPIO_PortToggle	16	static
C:\Users\andre\OneDrive - Hochschule Luzern\00_Modules\FS23_AEMBS\00_Projects\01_AEMBY_tinyK22\drivers/fsl_gpio.h:410:24:GPIO_PinRead	16	static
../McuLib/src/C21.c:175:6:C21_ClrVal	8	static
../McuLib/src/C21.c:206:6:C21_SetVal	8	static
../McuLib/src/C21.c:237:6:C21_NegVal	8	static
../McuLib/src/C21.c:278:6:C21_GetVal	8	static
../McuLib/src/C21.c:313:6:C21_GetDir	4	static
../McuLib/src/C21.c:330:6:C21_SetDir	16	static
../McuLib/src/C21.c:349:6:C21_SetInput	8	static
../McuLib/src/C21.c:381:6:C21_SetOutput	8	static
../McuLib/src/C21.c:416:6:C21_PutVal	16	static
../McuLib/src/C21.c:459:6:C21_Init	8	static
../McuLib/src/C21.c:526:6:C21_Deinit	4	static
