../source/game/gameModel.c:34:13:Game_GetState	4	static
../source/game/gameModel.c:38:6:Game_SetState	16	static
../source/game/gameModel.c:42:6:Game_ResetScore	4	static
../source/game/gameModel.c:46:10:Game_GetScore	4	static
../source/game/gameModel.c:50:6:Game_AddScore	16	static
../source/game/gameModel.c:54:6:Game_CheckIfGameLost	4	static
../source/game/gameModel.c:61:6:Game_CheckIfGameWon	4	static
../source/game/gameModel.c:68:6:Game_PlayerAction	24	static
../source/game/gameModel.c:99:6:Game_FreeSprites	16	static
../source/game/gameModel.c:111:11:Game_GetBoulderList	4	static
../source/game/gameModel.c:115:11:Game_GetDiamondList	4	static
../source/game/gameModel.c:119:6:MonsterToDiamondCb	120	static
../source/game/gameModel.c:152:6:Game_CheckCollisions	40	static
../source/game/gameModel.c:180:6:Game_AgeAndCheckIfAlive	24	static
../source/game/gameModel.c:194:12:Game_IteratorGetSpriteLists	24	static
../source/game/gameModel.c:207:6:Game_CreateBoulderTileSprite	56	static
../source/game/gameModel.c:253:13:SpriteIsTileAlignedX	16	static
../source/game/gameModel.c:257:13:SpriteIsTileAlignedY	16	static
../source/game/gameModel.c:261:13:HandleFallingItems	48	static
../source/game/gameModel.c:312:18:GetDiamondOrBoulderSprite	24	static
../source/game/gameModel.c:322:13:ChangeMonsterMoving	40	static
../source/game/gameModel.c:372:6:Game_HandleMonsterMoving	32	static
../source/game/gameModel.c:433:13:HandlePiledUpItems	32	static
../source/game/gameModel.c:469:6:Game_HandleFallingItems	8	static
../source/game/gameModel.c:477:6:Game_New	16	static
../source/game/gameModel.c:485:6:Game_ModelDeinit	8	static
../source/game/gameModel.c:494:6:Game_ModelInit	8	static
