../source/game/sprite.c:28:14:Sprite_NofInList	24	static
../source/game/sprite.c:38:11:Sprite_IndexInList	24	static
../source/game/sprite.c:56:6:Sprite_IsInList	16	static
../source/game/sprite.c:66:36:LimitPosition	16	static
../source/game/sprite.c:76:6:Sprite_MoveLimited	24	static
../source/game/sprite.c:83:6:Sprite_MoveLimitedDisplay	48	static
../source/game/sprite.c:87:6:Sprite_IsMoving	16	static
../source/game/sprite.c:91:6:Sprite_OverlappingAreas	24	static
../source/game/sprite.c:112:6:Sprite_OverlapsWithPixel	72	static
../source/game/sprite.c:129:6:Sprite_Overlap	64	static
../source/game/sprite.c:149:31:Sprite_GetPImageMonoBitmapPixel	32	static
../source/game/sprite.c:160:6:Sprite_SetPImageMonoBitmapPixel	24	static
../source/game/sprite.c:169:6:Sprite_ClearPImageMonoBitmapPixel	24	static
../source/game/sprite.c:179:8:Sprite_NewEmptyPImage	24	static
../source/game/sprite.c:202:16:Sprite_NewImageFromROM	24	static
../source/game/sprite.c:237:16:Sprite_NewImageFromRAM	24	static
../source/game/sprite.c:254:11:Sprite_New	24	static
../source/game/sprite.c:274:6:Sprite_FreeImage	16	static
../source/game/sprite.c:284:6:Sprite_FreeSprite	16	static
../source/game/sprite.c:291:6:Sprite_AddToList	16	static
../source/game/sprite.c:302:6:Sprite_ImageAddToList	16	static
../source/game/sprite.c:316:6:Sprite_UnlinkFromList	16	static
../source/game/sprite.c:334:6:Sprite_DeleteFromList	16	static
../source/game/sprite.c:339:6:Sprite_ImageDeleteFromList	16	static
../source/game/sprite.c:358:6:Sprite_DeleteList	16	static
../source/game/sprite.c:367:6:Sprite_ImageDeleteList	16	static
../source/game/sprite.c:376:11:Sprite_GetSpriteAtPixelPosIterated	40	static
../source/game/sprite.c:393:11:Sprite_GetSpriteAtPixelPos	32	static
../source/game/sprite.c:406:11:Sprite_GetSpriteInPixelAreaFromList	56	static
../source/game/sprite.c:425:11:Sprite_GetSpriteInPixelAreaIterated	48	static
../source/game/sprite.c:442:6:Sprite_CheckTargetHitBoom	40	static
../source/game/sprite.c:479:6:Sprite_AgeAndCheckIfAlive	32	static
../source/game/sprite.c:502:6:Sprite_CheckCollision	56	static
../source/game/sprite.c:535:6:Sprite_Paint	24	static
../source/game/sprite.c:573:6:Sprite_PaintList	24	static
../source/game/sprite.c:582:6:Sprite_Deinit	4	static
../source/game/sprite.c:586:6:Sprite_Init	4	static
