../McuLib/SEGGER_Sysview/SEGGER_SYSVIEW.c:350:12:_EncodeData	32	static
../McuLib/SEGGER_Sysview/SEGGER_SYSVIEW.c:384:12:_EncodeStr	32	static
../McuLib/SEGGER_Sysview/SEGGER_SYSVIEW.c:436:12:_PreparePacket	16	static
../McuLib/SEGGER_Sysview/SEGGER_SYSVIEW.c:453:13:_HandleIncomingPacket	16	static
../McuLib/SEGGER_Sysview/SEGGER_SYSVIEW.c:518:12:_TrySendOverflowPacket	56	static
../McuLib/SEGGER_Sysview/SEGGER_SYSVIEW.c:623:13:_SendPacket	48	static
../McuLib/SEGGER_Sysview/SEGGER_SYSVIEW.c:764:12:_VPrintHost	144	static
../McuLib/SEGGER_Sysview/SEGGER_SYSVIEW.c:845:13:_StoreChar	48	static
../McuLib/SEGGER_Sysview/SEGGER_SYSVIEW.c:887:13:_PrintUnsigned	48	static
../McuLib/SEGGER_Sysview/SEGGER_SYSVIEW.c:978:13:_PrintInt	40	static
../McuLib/SEGGER_Sysview/SEGGER_SYSVIEW.c:1051:13:_VPrintTarget	104	static
../McuLib/SEGGER_Sysview/SEGGER_SYSVIEW.c:1227:6:SEGGER_SYSVIEW_Init	32	static
../McuLib/SEGGER_Sysview/SEGGER_SYSVIEW.c:1281:6:SEGGER_SYSVIEW_SetRAMBase	16	static
../McuLib/SEGGER_Sysview/SEGGER_SYSVIEW.c:1295:6:SEGGER_SYSVIEW_RecordVoid	24	static
../McuLib/SEGGER_Sysview/SEGGER_SYSVIEW.c:1315:6:SEGGER_SYSVIEW_RecordU32	40	static
../McuLib/SEGGER_Sysview/SEGGER_SYSVIEW.c:1338:6:SEGGER_SYSVIEW_RecordU32x2	56	static
../McuLib/SEGGER_Sysview/SEGGER_SYSVIEW.c:1363:6:SEGGER_SYSVIEW_RecordU32x3	64	static
../McuLib/SEGGER_Sysview/SEGGER_SYSVIEW.c:1390:6:SEGGER_SYSVIEW_RecordU32x4	72	static
../McuLib/SEGGER_Sysview/SEGGER_SYSVIEW.c:1419:6:SEGGER_SYSVIEW_RecordU32x5	80	static
../McuLib/SEGGER_Sysview/SEGGER_SYSVIEW.c:1450:6:SEGGER_SYSVIEW_RecordU32x6	88	static
../McuLib/SEGGER_Sysview/SEGGER_SYSVIEW.c:1483:6:SEGGER_SYSVIEW_RecordU32x7	96	static
../McuLib/SEGGER_Sysview/SEGGER_SYSVIEW.c:1518:6:SEGGER_SYSVIEW_RecordU32x8	104	static
../McuLib/SEGGER_Sysview/SEGGER_SYSVIEW.c:1555:6:SEGGER_SYSVIEW_RecordU32x9	112	static
../McuLib/SEGGER_Sysview/SEGGER_SYSVIEW.c:1594:6:SEGGER_SYSVIEW_RecordU32x10	120	static
../McuLib/SEGGER_Sysview/SEGGER_SYSVIEW.c:1629:6:SEGGER_SYSVIEW_RecordString	32	static
../McuLib/SEGGER_Sysview/SEGGER_SYSVIEW.c:1665:6:SEGGER_SYSVIEW_Start	56	static
../McuLib/SEGGER_Sysview/SEGGER_SYSVIEW.c:1720:6:SEGGER_SYSVIEW_Stop	16	static
../McuLib/SEGGER_Sysview/SEGGER_SYSVIEW.c:1738:5:SEGGER_SYSVIEW_GetChannelID	4	static
../McuLib/SEGGER_Sysview/SEGGER_SYSVIEW.c:1750:6:SEGGER_SYSVIEW_GetSysDesc	56	static
../McuLib/SEGGER_Sysview/SEGGER_SYSVIEW.c:1778:6:SEGGER_SYSVIEW_SendTaskInfo	80	static
../McuLib/SEGGER_Sysview/SEGGER_SYSVIEW.c:1805:6:SEGGER_SYSVIEW_SendTaskList	8	static
../McuLib/SEGGER_Sysview/SEGGER_SYSVIEW.c:1835:6:SEGGER_SYSVIEW_SendSysDesc	32	static
../McuLib/SEGGER_Sysview/SEGGER_SYSVIEW.c:1853:6:SEGGER_SYSVIEW_RecordSystime	24	static
../McuLib/SEGGER_Sysview/SEGGER_SYSVIEW.c:1877:6:SEGGER_SYSVIEW_RecordEnterISR	32	static
../McuLib/SEGGER_Sysview/SEGGER_SYSVIEW.c:1904:6:SEGGER_SYSVIEW_RecordExitISR	16	static
../McuLib/SEGGER_Sysview/SEGGER_SYSVIEW.c:1926:6:SEGGER_SYSVIEW_RecordExitISRToScheduler	16	static
../McuLib/SEGGER_Sysview/SEGGER_SYSVIEW.c:1944:6:SEGGER_SYSVIEW_RecordEnterTimer	40	static
../McuLib/SEGGER_Sysview/SEGGER_SYSVIEW.c:1962:6:SEGGER_SYSVIEW_RecordExitTimer	16	static
../McuLib/SEGGER_Sysview/SEGGER_SYSVIEW.c:1980:6:SEGGER_SYSVIEW_RecordEndCall	40	static
../McuLib/SEGGER_Sysview/SEGGER_SYSVIEW.c:2002:6:SEGGER_SYSVIEW_RecordEndCallU32	48	static
../McuLib/SEGGER_Sysview/SEGGER_SYSVIEW.c:2021:6:SEGGER_SYSVIEW_OnIdle	16	static
../McuLib/SEGGER_Sysview/SEGGER_SYSVIEW.c:2040:6:SEGGER_SYSVIEW_OnTaskCreate	40	static
../McuLib/SEGGER_Sysview/SEGGER_SYSVIEW.c:2065:6:SEGGER_SYSVIEW_OnTaskTerminate	40	static
../McuLib/SEGGER_Sysview/SEGGER_SYSVIEW.c:2089:6:SEGGER_SYSVIEW_OnTaskStartExec	40	static
../McuLib/SEGGER_Sysview/SEGGER_SYSVIEW.c:2109:6:SEGGER_SYSVIEW_OnTaskStopExec	16	static
../McuLib/SEGGER_Sysview/SEGGER_SYSVIEW.c:2127:6:SEGGER_SYSVIEW_OnTaskStartReady	40	static
../McuLib/SEGGER_Sysview/SEGGER_SYSVIEW.c:2150:6:SEGGER_SYSVIEW_OnTaskStopReady	48	static
../McuLib/SEGGER_Sysview/SEGGER_SYSVIEW.c:2173:6:SEGGER_SYSVIEW_MarkStart	40	static
../McuLib/SEGGER_Sysview/SEGGER_SYSVIEW.c:2194:6:SEGGER_SYSVIEW_MarkStop	40	static
../McuLib/SEGGER_Sysview/SEGGER_SYSVIEW.c:2215:6:SEGGER_SYSVIEW_Mark	48	static
../McuLib/SEGGER_Sysview/SEGGER_SYSVIEW.c:2242:6:SEGGER_SYSVIEW_NameMarker	48	static
../McuLib/SEGGER_Sysview/SEGGER_SYSVIEW.c:2270:6:SEGGER_SYSVIEW_NameResource	40	static
../McuLib/SEGGER_Sysview/SEGGER_SYSVIEW.c:2299:5:SEGGER_SYSVIEW_SendPacket	32	static
../McuLib/SEGGER_Sysview/SEGGER_SYSVIEW.c:2326:5:SEGGER_SYSVIEW_EncodeU32	24	static
../McuLib/SEGGER_Sysview/SEGGER_SYSVIEW.c:2353:5:SEGGER_SYSVIEW_EncodeString	24	static
../McuLib/SEGGER_Sysview/SEGGER_SYSVIEW.c:2379:5:SEGGER_SYSVIEW_EncodeData	24	static
../McuLib/SEGGER_Sysview/SEGGER_SYSVIEW.c:2407:5:SEGGER_SYSVIEW_EncodeId	24	static
../McuLib/SEGGER_Sysview/SEGGER_SYSVIEW.c:2435:5:SEGGER_SYSVIEW_ShrinkId	16	static
../McuLib/SEGGER_Sysview/SEGGER_SYSVIEW.c:2457:6:SEGGER_SYSVIEW_RegisterModule	24	static
../McuLib/SEGGER_Sysview/SEGGER_SYSVIEW.c:2498:6:SEGGER_SYSVIEW_RecordModuleDescription	56	static
../McuLib/SEGGER_Sysview/SEGGER_SYSVIEW.c:2539:6:SEGGER_SYSVIEW_SendModule	56	static
../McuLib/SEGGER_Sysview/SEGGER_SYSVIEW.c:2578:6:SEGGER_SYSVIEW_SendModuleDescription	16	static
../McuLib/SEGGER_Sysview/SEGGER_SYSVIEW.c:2599:6:SEGGER_SYSVIEW_SendNumModules	32	static
../McuLib/SEGGER_Sysview/SEGGER_SYSVIEW.c:2626:6:SEGGER_SYSVIEW_PrintfHostEx	28	static
../McuLib/SEGGER_Sysview/SEGGER_SYSVIEW.c:2660:6:SEGGER_SYSVIEW_PrintfHost	16	static
../McuLib/SEGGER_Sysview/SEGGER_SYSVIEW.c:2695:6:SEGGER_SYSVIEW_WarnfHost	16	static
../McuLib/SEGGER_Sysview/SEGGER_SYSVIEW.c:2730:6:SEGGER_SYSVIEW_ErrorfHost	16	static
../McuLib/SEGGER_Sysview/SEGGER_SYSVIEW.c:2763:6:SEGGER_SYSVIEW_PrintfTargetEx	28	static
../McuLib/SEGGER_Sysview/SEGGER_SYSVIEW.c:2782:6:SEGGER_SYSVIEW_PrintfTarget	16	static
../McuLib/SEGGER_Sysview/SEGGER_SYSVIEW.c:2801:6:SEGGER_SYSVIEW_WarnfTarget	16	static
../McuLib/SEGGER_Sysview/SEGGER_SYSVIEW.c:2820:6:SEGGER_SYSVIEW_ErrorfTarget	16	static
../McuLib/SEGGER_Sysview/SEGGER_SYSVIEW.c:2839:6:SEGGER_SYSVIEW_Print	48	static
../McuLib/SEGGER_Sysview/SEGGER_SYSVIEW.c:2861:6:SEGGER_SYSVIEW_Warn	48	static
../McuLib/SEGGER_Sysview/SEGGER_SYSVIEW.c:2883:6:SEGGER_SYSVIEW_Error	48	static
../McuLib/SEGGER_Sysview/SEGGER_SYSVIEW.c:2905:6:SEGGER_SYSVIEW_EnableEvents	16	static
../McuLib/SEGGER_Sysview/SEGGER_SYSVIEW.c:2919:6:SEGGER_SYSVIEW_DisableEvents	16	static
../McuLib/SEGGER_Sysview/SEGGER_SYSVIEW.c:2934:5:SEGGER_SYSVIEW_IsStarted	8	static
